// Jest Snapshot v1, https://goo.gl/fbAQLP

exports[`examples of some things 1`] = `
<Text>
  SelectDifficulty
</Text>
`;
