// Jest Snapshot v1, https://goo.gl/fbAQLP

exports[`should render children 1`] = `
<View
  pointerEvents="box-none"
  style={
    Object {
      "flex": 1,
    }
  }
>
  <View
    collapsable={true}
    pointerEvents="box-none"
    style={
      Object {
        "flex": 1,
      }
    }
  >
    <View
      accessibilityIgnoresInvertColors={true}
      style={
        Array [
          Array [
            Object {
              "alignItems": "center",
            },
            Object {
              "justifyContent": "center",
            },
          ],
          Object {
            "height": 1334,
            "width": 750,
          },
        ]
      }
    >
      <Image
        source={1}
        style={
          Array [
            Object {
              "bottom": 0,
              "left": 0,
              "position": "absolute",
              "right": 0,
              "top": 0,
            },
            Object {
              "height": undefined,
              "width": undefined,
            },
            undefined,
          ]
        }
      />
      <View
        testID="content"
      />
    </View>
  </View>
</View>
`;
