// Jest Snapshot v1, https://goo.gl/fbAQLP

exports[`should render correctly 1`] = `
<View
  pointerEvents="box-none"
  style={
    Object {
      "flex": 1,
    }
  }
>
  <View
    collapsable={true}
    pointerEvents="box-none"
    style={
      Object {
        "flex": 1,
      }
    }
  >
    <View
      style={
        Array [
          Object {
            "width": "100%",
          },
          Object {
            "flexDirection": "row",
          },
        ]
      }
    >
      <View
        style={
          Array [
            Object {
              "width": "25%",
            },
            Object {
              "alignItems": "center",
            },
            Object {
              "justifyContent": "center",
            },
          ]
        }
      >
        <Image
          source={1}
          style={
            Array [
              Object {
                "resizeMode": "contain",
              },
              Object {
                "marginBottom": 20,
              },
              Object {
                "height": 50,
                "width": 50,
              },
            ]
          }
        />
        <Text
          style={
            Array [
              Object {
                "color": "#fff",
              },
              Object {
                "fontSize": 20,
              },
              Object {
                "fontWeight": "bold",
              },
            ]
          }
        >
          VocÃª
        </Text>
      </View>
      <View
        style={
          Array [
            Object {
              "flexGrow": 1,
            },
          ]
        }
      />
      <View
        style={
          Array [
            Object {
              "width": "25%",
            },
            Object {
              "alignItems": "center",
            },
            Object {
              "justifyContent": "center",
            },
          ]
        }
      >
        <Image
          source={1}
          style={
            Array [
              Object {
                "resizeMode": "contain",
              },
              Object {
                "marginBottom": 20,
              },
              Object {
                "height": 50,
                "width": 50,
              },
            ]
          }
        />
        <Text
          style={
            Array [
              Object {
                "color": "#fff",
              },
              Object {
                "fontSize": 20,
              },
              Object {
                "fontWeight": "bold",
              },
            ]
          }
        >
          Bot
        </Text>
      </View>
    </View>
  </View>
</View>
`;
